[debug] [2026-07-04T16:48:41.243Z] ----------------------------------------------------------------------
[debug] [2026-07-04T16:48:41.247Z] Command:       C:\Program Files\nodejs\node.exe C:\Users\ghosh\AppData\Roaming\npm\node_modules\firebase-tools\lib\bin\firebase.js init
[debug] [2026-07-04T16:48:41.248Z] CLI Version:   15.22.4
[debug] [2026-07-04T16:48:41.248Z] Platform:      win32
[debug] [2026-07-04T16:48:41.248Z] Node Version:  v24.14.0
[debug] [2026-07-04T16:48:41.249Z] Detected Agent: unknown
[debug] [2026-07-04T16:48:41.249Z] Time:          Sat Jul 04 2026 22:18:41 GMT+0530 (India Standard Time)
[debug] [2026-07-04T16:48:41.249Z] ----------------------------------------------------------------------
[debug] 
[debug] [2026-07-04T16:48:41.252Z] >>> [apiv2][query] GET https://firebase-public.firebaseio.com/cli.json [none]
[info] 
     ######## #### ########  ######## ########     ###     ######  ########
     ##        ##  ##     ## ##       ##     ##  ##   ##  ##       ##
     ######    ##  ########  ######   ########  #########  ######  ######
     ##        ##  ##    ##  ##       ##     ## ##     ##       ## ##
     ##       #### ##     ## ######## ########  ##     ##  ######  ########

You're about to initialize a Firebase project in this directory:

  D:\React Project\adenterprises

[debug] [2026-07-04T16:48:43.306Z] <<< [apiv2][status] GET https://firebase-public.firebaseio.com/cli.json 200
[debug] [2026-07-04T16:48:43.306Z] <<< [apiv2][body] GET https://firebase-public.firebaseio.com/cli.json {"cloudBuildErrorAfter":1594252800000,"cloudBuildWarnAfter":1590019200000,"defaultNode10After":1594252800000,"minVersion":"3.0.5","node8DeploysDisabledAfter":1613390400000,"node8RuntimeDisabledAfter":1615809600000,"node8WarnAfter":1600128000000}
[info] 
=== Project Setup
[info] 
[info] First, let's associate this project directory with a Firebase project.
[info] You can create multiple project aliases by running firebase use --add, 
[info] 
[debug] [2026-07-04T16:49:27.367Z] > command requires scopes: ["email","openid","https://www.googleapis.com/auth/cloudplatformprojects.readonly","https://www.googleapis.com/auth/firebase","https://www.googleapis.com/auth/cloud-platform"]
[debug] [2026-07-04T16:49:27.367Z] > authorizing via signed-in user (ghosh.udayan2000@gmail.com)
[debug] [2026-07-04T16:49:27.368Z] Checked if tokens are valid: false, expires at: 1782944528991
[debug] [2026-07-04T16:49:27.369Z] Checked if tokens are valid: false, expires at: 1782944528991
[debug] [2026-07-04T16:49:27.369Z] > refreshing access token with scopes: []
[debug] [2026-07-04T16:49:27.370Z] >>> [apiv2][query] POST https://www.googleapis.com/oauth2/v3/token [none]
[debug] [2026-07-04T16:49:27.371Z] >>> [apiv2][body] POST https://www.googleapis.com/oauth2/v3/token [omitted]
[debug] [2026-07-04T16:49:27.583Z] <<< [apiv2][status] POST https://www.googleapis.com/oauth2/v3/token 200
[debug] [2026-07-04T16:49:27.583Z] <<< [apiv2][body] POST https://www.googleapis.com/oauth2/v3/token [omitted]
[debug] [2026-07-04T16:49:27.597Z] >>> [apiv2][query] GET https://firebase.googleapis.com/v1beta1/projects pageSize=100
[debug] [2026-07-04T16:49:28.619Z] <<< [apiv2][status] GET https://firebase.googleapis.com/v1beta1/projects 200
[debug] [2026-07-04T16:49:28.619Z] <<< [apiv2][body] GET https://firebase.googleapis.com/v1beta1/projects [omitted]
[info] 
=== Hosting Setup
[debug] [2026-07-04T16:50:11.185Z] Checked if tokens are valid: true, expires at: 1783187366583
[debug] [2026-07-04T16:50:11.186Z] Checked if tokens are valid: true, expires at: 1783187366583
[debug] [2026-07-04T16:50:11.186Z] >>> [apiv2][query] GET https://firebase.googleapis.com/v1beta1/projects/studentms-669aa [none]
[debug] [2026-07-04T16:50:11.661Z] <<< [apiv2][status] GET https://firebase.googleapis.com/v1beta1/projects/studentms-669aa 200
[debug] [2026-07-04T16:50:11.662Z] <<< [apiv2][body] GET https://firebase.googleapis.com/v1beta1/projects/studentms-669aa {"projectId":"studentms-669aa","projectNumber":"1015966902078","displayName":"studentms","name":"projects/studentms-669aa","resources":{"hostingSite":"studentms-669aa"},"state":"ACTIVE","labels":{"firebase":"enabled"},"etag":"1_20fe8466-8e50-4262-9c87-6e758f41b62b"}
[info] 
[info] Your public directory is the folder (relative to your project directory) that
[info] will contain Hosting assets to be uploaded with firebase deploy. If you
[info] have a build process for your assets, use your build's output directory.
[info] 
